#
# There is insufficient memory for the Java Runtime Environment to continue.
# Native memory allocation (mmap) failed to map 1048576 bytes for G1 virtual space
# Possible reasons:
#   The system is out of physical RAM or swap space
#   The process is running with CompressedOops enabled, and the Java Heap may be blocking the growth of the native heap
# Possible solutions:
#   Reduce memory load on the system
#   Increase physical memory or swap space
#   Check if swap backing store is full
#   Decrease Java heap size (-Xmx/-Xms)
#   Decrease number of Java threads
#   Decrease Java thread stack sizes (-Xss)
#   Set larger code cache with -XX:ReservedCodeCacheSize=
#   JVM is running with Unscaled Compressed Oops mode in which the Java heap is
#     placed in the first 4GB address space. The Java Heap base address is the
#     maximum limit for the native heap growth. Please use -XX:HeapBaseMinAddress
#     to set the Java Heap base and to place the Java Heap above 4GB virtual address.
# This output file may be truncated or incomplete.
#
#  Out of Memory Error (os_windows.cpp:3603), pid=2112, tid=16408
#
# JRE version: Java(TM) SE Runtime Environment (21.0.9+7) (build 21.0.9+7-LTS-338)
# Java VM: Java HotSpot(TM) 64-Bit Server VM (21.0.9+7-LTS-338, mixed mode, sharing, tiered, compressed oops, compressed class ptrs, g1 gc, windows-amd64)
# No core dump will be written. Minidumps are not enabled by default on client versions of Windows
#

---------------  S U M M A R Y ------------

Command Line: --add-opens=java.base/java.lang=ALL-UNNAMED --add-opens=java.base/java.lang.invoke=ALL-UNNAMED --add-opens=java.base/java.util=ALL-UNNAMED --add-opens=java.prefs/java.util.prefs=ALL-UNNAMED --add-exports=jdk.compiler/com.sun.tools.javac.api=ALL-UNNAMED --add-exports=jdk.compiler/com.sun.tools.javac.util=ALL-UNNAMED --add-opens=java.base/java.util=ALL-UNNAMED --add-opens=java.prefs/java.util.prefs=ALL-UNNAMED --add-opens=java.base/java.nio.charset=ALL-UNNAMED --add-opens=java.base/java.net=ALL-UNNAMED --add-opens=java.base/java.util.concurrent=ALL-UNNAMED --add-opens=java.base/java.util.concurrent.atomic=ALL-UNNAMED --add-opens=java.xml/javax.xml.namespace=ALL-UNNAMED --add-opens=java.base/java.time=ALL-UNNAMED -Xmx2048m -Dfile.encoding=UTF-8 -Duser.country=US -Duser.language=en -Duser.variant -javaagent:D:\Android\Gradle_Home\wrapper\dists\gradle-9.3.1-bin\23ovyewtku6u96viwx3xl3oks\gradle-9.3.1\lib\agents\gradle-instrumentation-agent-9.3.1.jar org.gradle.launcher.daemon.bootstrap.GradleDaemon 9.3.1

Host: 11th Gen Intel(R) Core(TM) i5-1135G7 @ 2.40GHz, 8 cores, 3G,  Windows 11 , 64 bit Build 22621 (10.0.22621.5415)
Time: Sun Mar 15 21:39:39 2026 SE Asia Standard Time elapsed time: 16.121058 seconds (0d 0h 0m 16s)

---------------  T H R E A D  ---------------

Current thread (0x0000019ee4d32cb0):  WorkerThread "GC Thread#4"    [id=16408, stack(0x00000033e0600000,0x00000033e0700000) (1024K)]

Stack: [0x00000033e0600000,0x00000033e0700000]
Native frames: (J=compiled Java code, j=interpreted, Vv=VM code, C=native code)
V  [jvm.dll+0x6cbf89]
V  [jvm.dll+0x858421]
V  [jvm.dll+0x85a94e]
V  [jvm.dll+0x85b023]
V  [jvm.dll+0x27ebc6]
V  [jvm.dll+0x6c8705]
V  [jvm.dll+0x6bd26a]
V  [jvm.dll+0x354a0a]
V  [jvm.dll+0x35c686]
V  [jvm.dll+0x3af49b]
V  [jvm.dll+0x3afb34]
V  [jvm.dll+0x3afbfd]
V  [jvm.dll+0x32a34c]
V  [jvm.dll+0x32a0a5]
V  [jvm.dll+0x318fa6]
V  [jvm.dll+0x319dda]
V  [jvm.dll+0x31a1d7]
V  [jvm.dll+0x319c41]
V  [jvm.dll+0x356896]
V  [jvm.dll+0x356c03]
V  [jvm.dll+0x357d63]
V  [jvm.dll+0x3579de]
V  [jvm.dll+0x36c6a9]
V  [jvm.dll+0x36cd6a]
V  [jvm.dll+0x36ce57]
V  [jvm.dll+0x36dceb]
V  [jvm.dll+0x886237]
V  [jvm.dll+0x80265b]
V  [jvm.dll+0x6ca66d]
C  [ucrtbase.dll+0x29333]
C  [KERNEL32.DLL+0x1259d]
C  [ntdll.dll+0x5af78]


---------------  P R O C E S S  ---------------

Threads class SMR info:
_java_thread_list=0x0000019ee91bf630, length=64, elements={
0x0000019e8017c130, 0x0000019e9eb21130, 0x0000019e9eb21e50, 0x0000019e9eb23fd0,
0x0000019e9eb24fb0, 0x0000019e9eb26a20, 0x0000019e9eb2f7d0, 0x0000019e9eb346e0,
0x0000019e9eb3a8e0, 0x0000019ee4137060, 0x0000019ee4135620, 0x0000019ee4135cb0,
0x0000019ee4136340, 0x0000019ee41369d0, 0x0000019ee4138410, 0x0000019ee4137d80,
0x0000019ee4134f90, 0x0000019ee5dbfaf0, 0x0000019ee5dc1530, 0x0000019ee5dbd390,
0x0000019ee5dc28e0, 0x0000019ee5dc0ea0, 0x0000019ee5dc0180, 0x0000019ee5dc1bc0,
0x0000019ee5dc0810, 0x0000019ee5dbf460, 0x0000019ee5dc3c90, 0x0000019ee5dbcd00,
0x0000019ee5dc4320, 0x0000019ee5dbda20, 0x0000019ee5dbe0b0, 0x0000019ee5dbe740,
0x0000019ee5dbedd0, 0x0000019ee7363c90, 0x0000019ee735faf0, 0x0000019ee7360ea0,
0x0000019ee735cd00, 0x0000019ee73628e0, 0x0000019ee7360810, 0x0000019ee7361530,
0x0000019ee735f460, 0x0000019ee7361bc0, 0x0000019ee7360180, 0x0000019ee7362250,
0x0000019ee7363600, 0x0000019ee7362f70, 0x0000019ee7364320, 0x0000019ee735d390,
0x0000019ee735da20, 0x0000019ee735e0b0, 0x0000019ee735e740, 0x0000019ee4028890,
0x0000019ee402d750, 0x0000019ee402d0c0, 0x0000019ee402dde0, 0x0000019ee4029c40,
0x0000019ee402e470, 0x0000019ee402feb0, 0x0000019ee4028f20, 0x0000019ee402b680,
0x0000019ee40295b0, 0x0000019ee402a2d0, 0x0000019ee402eb00, 0x0000019ee402aff0
}

Java Threads: ( => current thread )
  0x0000019e8017c130 JavaThread "main"                              [_thread_blocked, id=19828, stack(0x00000033df100000,0x00000033df200000) (1024K)]
  0x0000019e9eb21130 JavaThread "Reference Handler"          daemon [_thread_blocked, id=21712, stack(0x00000033df900000,0x00000033dfa00000) (1024K)]
  0x0000019e9eb21e50 JavaThread "Finalizer"                  daemon [_thread_blocked, id=23316, stack(0x00000033dfa00000,0x00000033dfb00000) (1024K)]
  0x0000019e9eb23fd0 JavaThread "Signal Dispatcher"          daemon [_thread_blocked, id=23136, stack(0x00000033dfb00000,0x00000033dfc00000) (1024K)]
  0x0000019e9eb24fb0 JavaThread "Attach Listener"            daemon [_thread_blocked, id=11152, stack(0x00000033dfc00000,0x00000033dfd00000) (1024K)]
  0x0000019e9eb26a20 JavaThread "Service Thread"             daemon [_thread_blocked, id=23580, stack(0x00000033dfd00000,0x00000033dfe00000) (1024K)]
  0x0000019e9eb2f7d0 JavaThread "Monitor Deflation Thread"   daemon [_thread_blocked, id=18100, stack(0x00000033dfe00000,0x00000033dff00000) (1024K)]
  0x0000019e9eb346e0 JavaThread "C2 CompilerThread0"         daemon [_thread_blocked, id=11912, stack(0x00000033dff00000,0x00000033e0000000) (1024K)]
  0x0000019e9eb3a8e0 JavaThread "C1 CompilerThread0"         daemon [_thread_blocked, id=13144, stack(0x00000033e0000000,0x00000033e0100000) (1024K)]
  0x0000019ee4137060 JavaThread "Common-Cleaner"             daemon [_thread_blocked, id=15612, stack(0x00000033e0100000,0x00000033e0200000) (1024K)]
  0x0000019ee4135620 JavaThread "Notification Thread"        daemon [_thread_blocked, id=19900, stack(0x00000033e0200000,0x00000033e0300000) (1024K)]
  0x0000019ee4135cb0 JavaThread "Daemon health stats"               [_thread_blocked, id=8952, stack(0x00000033e0800000,0x00000033e0900000) (1024K)]
  0x0000019ee4136340 JavaThread "Incoming local TCP Connector on port 65023"        [_thread_in_native, id=10892, stack(0x00000033e0900000,0x00000033e0a00000) (1024K)]
  0x0000019ee41369d0 JavaThread "Daemon periodic checks"            [_thread_blocked, id=5956, stack(0x00000033e0a00000,0x00000033e0b00000) (1024K)]
  0x0000019ee4138410 JavaThread "Daemon"                            [_thread_blocked, id=23148, stack(0x00000033e0b00000,0x00000033e0c00000) (1024K)]
  0x0000019ee4137d80 JavaThread "Handler for socket connection from /127.0.0.1:65023 to /127.0.0.1:65024"        [_thread_in_native, id=18672, stack(0x00000033e0c00000,0x00000033e0d00000) (1024K)]
  0x0000019ee4134f90 JavaThread "Cancel handler"                    [_thread_blocked, id=22692, stack(0x00000033e0d00000,0x00000033e0e00000) (1024K)]
  0x0000019ee5dbfaf0 JavaThread "Daemon worker"                     [_thread_blocked, id=18376, stack(0x00000033e0e00000,0x00000033e0f00000) (1024K)]
  0x0000019ee5dc1530 JavaThread "Asynchronous log dispatcher for DefaultDaemonConnection: socket connection from /127.0.0.1:65023 to /127.0.0.1:65024"        [_thread_blocked, id=3716, stack(0x00000033e0f00000,0x00000033e1000000) (1024K)]
  0x0000019ee5dbd390 JavaThread "Stdin handler"                     [_thread_blocked, id=9040, stack(0x00000033e1000000,0x00000033e1100000) (1024K)]
  0x0000019ee5dc28e0 JavaThread "Daemon client event forwarder"        [_thread_blocked, id=15652, stack(0x00000033e1100000,0x00000033e1200000) (1024K)]
  0x0000019ee5dc0ea0 JavaThread "Cache worker for journal cache (D:\Android\Gradle_Home\caches\journal-1)"        [_thread_blocked, id=15672, stack(0x00000033e1400000,0x00000033e1500000) (1024K)]
  0x0000019ee5dc0180 JavaThread "File lock request listener"        [_thread_in_native, id=20116, stack(0x00000033e1500000,0x00000033e1600000) (1024K)]
  0x0000019ee5dc1bc0 JavaThread "Cache worker for file hash cache (D:\Android\Gradle_Home\caches\9.3.1\fileHashes)"        [_thread_blocked, id=22644, stack(0x00000033e1600000,0x00000033e1700000) (1024K)]
  0x0000019ee5dc0810 JavaThread "Cache worker for file hash cache (D:\Android\65134312-AndroidProgramming\LinearLayOut01\.gradle\9.3.1\fileHashes)"        [_thread_blocked, id=20192, stack(0x00000033e1800000,0x00000033e1900000) (1024K)]
  0x0000019ee5dbf460 JavaThread "Cache worker for Build Output Cleanup Cache (D:\Android\65134312-AndroidProgramming\LinearLayOut01\.gradle\buildOutputCleanup)"        [_thread_blocked, id=14752, stack(0x00000033e1900000,0x00000033e1a00000) (1024K)]
  0x0000019ee5dc3c90 JavaThread "File watcher server"        daemon [_thread_in_native, id=22052, stack(0x00000033e1a00000,0x00000033e1b00000) (1024K)]
  0x0000019ee5dbcd00 JavaThread "File watcher consumer"      daemon [_thread_blocked, id=11736, stack(0x00000033e1b00000,0x00000033e1c00000) (1024K)]
  0x0000019ee5dc4320 JavaThread "jar transforms"                    [_thread_blocked, id=21360, stack(0x00000033e1c00000,0x00000033e1d00000) (1024K)]
  0x0000019ee5dbda20 JavaThread "jar transforms Thread 2"           [_thread_blocked, id=21804, stack(0x00000033e1d00000,0x00000033e1e00000) (1024K)]
  0x0000019ee5dbe0b0 JavaThread "jar transforms Thread 3"           [_thread_blocked, id=18332, stack(0x00000033e1e00000,0x00000033e1f00000) (1024K)]
  0x0000019ee5dbe740 JavaThread "jar transforms Thread 4"           [_thread_blocked, id=23608, stack(0x00000033e1f00000,0x00000033e2000000) (1024K)]
  0x0000019ee5dbedd0 JavaThread "jar transforms Thread 5"           [_thread_blocked, id=23876, stack(0x00000033e2000000,0x00000033e2100000) (1024K)]
  0x0000019ee7363c90 JavaThread "jar transforms Thread 6"           [_thread_blocked, id=13656, stack(0x00000033e2100000,0x00000033e2200000) (1024K)]
  0x0000019ee735faf0 JavaThread "jar transforms Thread 7"           [_thread_blocked, id=5324, stack(0x00000033e2200000,0x00000033e2300000) (1024K)]
  0x0000019ee7360ea0 JavaThread "jar transforms Thread 8"           [_thread_blocked, id=18356, stack(0x00000033e2300000,0x00000033e2400000) (1024K)]
  0x0000019ee735cd00 JavaThread "Cache worker for checksums cache (D:\Android\65134312-AndroidProgramming\LinearLayOut01\.gradle\9.3.1\checksums)"        [_thread_blocked, id=10640, stack(0x00000033e2400000,0x00000033e2500000) (1024K)]
  0x0000019ee73628e0 JavaThread "Cache worker for file content cache (D:\Android\Gradle_Home\caches\9.3.1\fileContent)"        [_thread_blocked, id=14884, stack(0x00000033e2500000,0x00000033e2600000) (1024K)]
  0x0000019ee7360810 JavaThread "Cache worker for cache directory md-supplier (D:\Android\Gradle_Home\caches\9.3.1\md-supplier)"        [_thread_blocked, id=24024, stack(0x00000033e2600000,0x00000033e2700000) (1024K)]
  0x0000019ee7361530 JavaThread "Cache worker for cache directory md-rule (D:\Android\Gradle_Home\caches\9.3.1\md-rule)"        [_thread_blocked, id=24484, stack(0x00000033e2700000,0x00000033e2800000) (1024K)]
  0x0000019ee735f460 JavaThread "Unconstrained build operations"        [_thread_blocked, id=12648, stack(0x00000033e2800000,0x00000033e2900000) (1024K)]
  0x0000019ee7361bc0 JavaThread "Unconstrained build operations Thread 2"        [_thread_blocked, id=22732, stack(0x00000033e2900000,0x00000033e2a00000) (1024K)]
  0x0000019ee7360180 JavaThread "Unconstrained build operations Thread 3"        [_thread_blocked, id=24316, stack(0x00000033e2a00000,0x00000033e2b00000) (1024K)]
  0x0000019ee7362250 JavaThread "Unconstrained build operations Thread 4"        [_thread_blocked, id=18524, stack(0x00000033e2b00000,0x00000033e2c00000) (1024K)]
  0x0000019ee7363600 JavaThread "Unconstrained build operations Thread 5"        [_thread_blocked, id=23616, stack(0x00000033e2c00000,0x00000033e2d00000) (1024K)]
  0x0000019ee7362f70 JavaThread "Unconstrained build operations Thread 6"        [_thread_blocked, id=18452, stack(0x00000033e2d00000,0x00000033e2e00000) (1024K)]
  0x0000019ee7364320 JavaThread "Unconstrained build operations Thread 7"        [_thread_blocked, id=1536, stack(0x00000033e2e00000,0x00000033e2f00000) (1024K)]
  0x0000019ee735d390 JavaThread "Unconstrained build operations Thread 8"        [_thread_blocked, id=22432, stack(0x00000033e2f00000,0x00000033e3000000) (1024K)]
  0x0000019ee735da20 JavaThread "Unconstrained build operations Thread 9"        [_thread_blocked, id=13768, stack(0x00000033e3000000,0x00000033e3100000) (1024K)]
  0x0000019ee735e0b0 JavaThread "Unconstrained build operations Thread 10"        [_thread_blocked, id=23332, stack(0x00000033e3100000,0x00000033e3200000) (1024K)]
  0x0000019ee735e740 JavaThread "Unconstrained build operations Thread 11"        [_thread_blocked, id=22844, stack(0x00000033e3200000,0x00000033e3300000) (1024K)]
  0x0000019ee4028890 JavaThread "Unconstrained build operations Thread 12"        [_thread_blocked, id=2656, stack(0x00000033e3300000,0x00000033e3400000) (1024K)]
  0x0000019ee402d750 JavaThread "Unconstrained build operations Thread 13"        [_thread_blocked, id=2884, stack(0x00000033e3400000,0x00000033e3500000) (1024K)]
  0x0000019ee402d0c0 JavaThread "Unconstrained build operations Thread 14"        [_thread_blocked, id=23440, stack(0x00000033e3500000,0x00000033e3600000) (1024K)]
  0x0000019ee402dde0 JavaThread "Unconstrained build operations Thread 15"        [_thread_blocked, id=22212, stack(0x00000033e3600000,0x00000033e3700000) (1024K)]
  0x0000019ee4029c40 JavaThread "Unconstrained build operations Thread 16"        [_thread_blocked, id=21608, stack(0x00000033e3700000,0x00000033e3800000) (1024K)]
  0x0000019ee402e470 JavaThread "Unconstrained build operations Thread 17"        [_thread_blocked, id=15480, stack(0x00000033e3800000,0x00000033e3900000) (1024K)]
  0x0000019ee402feb0 JavaThread "Unconstrained build operations Thread 18"        [_thread_blocked, id=16388, stack(0x00000033e3900000,0x00000033e3a00000) (1024K)]
  0x0000019ee4028f20 JavaThread "Unconstrained build operations Thread 19"        [_thread_blocked, id=17820, stack(0x00000033e3a00000,0x00000033e3b00000) (1024K)]
  0x0000019ee402b680 JavaThread "Unconstrained build operations Thread 20"        [_thread_blocked, id=8976, stack(0x00000033e3b00000,0x00000033e3c00000) (1024K)]
  0x0000019ee40295b0 JavaThread "Unconstrained build operations Thread 21"        [_thread_blocked, id=23980, stack(0x00000033e3c00000,0x00000033e3d00000) (1024K)]
  0x0000019ee402a2d0 JavaThread "Unconstrained build operations Thread 22"        [_thread_blocked, id=4592, stack(0x00000033e3d00000,0x00000033e3e00000) (1024K)]
  0x0000019ee402eb00 JavaThread "Unconstrained build operations Thread 23"        [_thread_blocked, id=4804, stack(0x00000033e3e00000,0x00000033e3f00000) (1024K)]
  0x0000019ee402aff0 JavaThread "Unconstrained build operations Thread 24"        [_thread_blocked, id=2280, stack(0x00000033e3f00000,0x00000033e4000000) (1024K)]
Total: 64

Other Threads:
  0x0000019e9eb0a4c0 VMThread "VM Thread"                           [id=12572, stack(0x00000033df800000,0x00000033df900000) (1024K)]
  0x0000019e80177dd0 WatcherThread "VM Periodic Task Thread"        [id=23084, stack(0x00000033df700000,0x00000033df800000) (1024K)]
  0x0000019e801d5270 WorkerThread "GC Thread#0"                     [id=23508, stack(0x00000033df200000,0x00000033df300000) (1024K)]
  0x0000019ee429c800 WorkerThread "GC Thread#1"                     [id=24452, stack(0x00000033e0300000,0x00000033e0400000) (1024K)]
  0x0000019ee4423080 WorkerThread "GC Thread#2"                     [id=6880, stack(0x00000033e0400000,0x00000033e0500000) (1024K)]
  0x0000019ee4d32900 WorkerThread "GC Thread#3"                     [id=13944, stack(0x00000033e0500000,0x00000033e0600000) (1024K)]
=>0x0000019ee4d32cb0 WorkerThread "GC Thread#4"                     [id=16408, stack(0x00000033e0600000,0x00000033e0700000) (1024K)]
  0x0000019ee5ba2b30 WorkerThread "GC Thread#5"                     [id=9540, stack(0x00000033e0700000,0x00000033e0800000) (1024K)]
  0x0000019ee5e80140 WorkerThread "GC Thread#6"                     [id=9376, stack(0x00000033e1200000,0x00000033e1300000) (1024K)]
  0x0000019ee5e64de0 WorkerThread "GC Thread#7"                     [id=20664, stack(0x00000033e1300000,0x00000033e1400000) (1024K)]
  0x0000019e801e6390 ConcurrentGCThread "G1 Main Marker"            [id=21444, stack(0x00000033df300000,0x00000033df400000) (1024K)]
  0x0000019e801e6da0 WorkerThread "G1 Conc#0"                       [id=21488, stack(0x00000033df400000,0x00000033df500000) (1024K)]
  0x0000019ee67ba8b0 WorkerThread "G1 Conc#1"                       [id=16880, stack(0x00000033e1700000,0x00000033e1800000) (1024K)]
  0x0000019e8023e7e0 ConcurrentGCThread "G1 Refine#0"               [id=22384, stack(0x00000033df500000,0x00000033df600000) (1024K)]
  0x0000019e9e9c74d0 ConcurrentGCThread "G1 Service"                [id=19556, stack(0x00000033df600000,0x00000033df700000) (1024K)]
Total: 15

Threads with active compile tasks:
Total: 0

VM state: at safepoint (normal execution)

VM Mutex/Monitor currently owned by a thread:  ([mutex/lock_event])
[0x00007ffb583ae8f0] FreeList_lock - owner thread: 0x0000019ee4d32cb0
[0x00007ffb583b0df0] Threads_lock - owner thread: 0x0000019e9eb0a4c0
[0x00007ffb583b0ef0] Heap_lock - owner thread: 0x0000019ee5dbfaf0

Heap address: 0x0000000080000000, size: 2048 MB, Compressed Oops mode: 32-bit

CDS archive(s) mapped at: [0x0000019e9f000000-0x0000019e9fc90000-0x0000019e9fc90000), size 13172736, SharedBaseAddress: 0x0000019e9f000000, ArchiveRelocationMode: 1.
Compressed class space mapped at: 0x0000019ea0000000-0x0000019ee0000000, reserved size: 1073741824
Narrow klass base: 0x0000019e9f000000, Narrow klass shift: 0, Narrow klass range: 0x100000000

GC Precious Log:
 CardTable entry size: 512
 Card Set container configuration: InlinePtr #cards 5 size 8 Array Of Cards #cards 12 size 40 Howl #buckets 4 coarsen threshold 1843 Howl Bitmap #cards 512 size 80 coarsen threshold 460 Card regions per heap region 1 cards per card region 2048
 CPUs: 8 total, 8 available
 Memory: 3763M
 Large Page Support: Disabled
 NUMA Support: Disabled
 Compressed Oops: Enabled (32-bit)
 Heap Region Size: 1M
 Heap Min Capacity: 8M
 Heap Initial Capacity: 60M
 Heap Max Capacity: 2G
 Pre-touch: Disabled
 Parallel Workers: 8
 Concurrent Workers: 2
 Concurrent Refinement Workers: 8
 Periodic GC: Disabled

Heap:
 garbage-first heap   total 140288K, used 122949K [0x0000000080000000, 0x0000000100000000)
  region size 1024K, 57 young (58368K), 8 survivors (8192K)
 Metaspace       used 64774K, committed 66688K, reserved 1114112K
  class space    used 9305K, committed 10240K, reserved 1048576K

Heap Regions: E=young(eden), S=young(survivor), O=old, HS=humongous(starts), HC=humongous(continues), CS=collection set, F=free, TAMS=top-at-mark-start, PB=parsable bottom
|   0|0x0000000080000000, 0x0000000080100000, 0x0000000080100000|100%|HS|  |TAMS 0x0000000080000000| PB 0x0000000080000000| Complete 
|   1|0x0000000080100000, 0x0000000080200000, 0x0000000080200000|100%|HC|  |TAMS 0x0000000080100000| PB 0x0000000080100000| Complete 
|   2|0x0000000080200000, 0x0000000080300000, 0x0000000080300000|100%|HC|  |TAMS 0x0000000080200000| PB 0x0000000080200000| Complete 
|   3|0x0000000080300000, 0x0000000080400000, 0x0000000080400000|100%|HC|  |TAMS 0x0000000080300000| PB 0x0000000080300000| Complete 
|   4|0x0000000080400000, 0x0000000080500000, 0x0000000080500000|100%| O|  |TAMS 0x0000000080400000| PB 0x0000000080400000| Untracked 
|   5|0x0000000080500000, 0x0000000080600000, 0x0000000080600000|100%| O|  |TAMS 0x0000000080500000| PB 0x0000000080500000| Untracked 
|   6|0x0000000080600000, 0x0000000080700000, 0x0000000080700000|100%| O|  |TAMS 0x0000000080600000| PB 0x0000000080600000| Untracked 
|   7|0x0000000080700000, 0x0000000080800000, 0x0000000080800000|100%| O|  |TAMS 0x0000000080700000| PB 0x0000000080700000| Untracked 
|   8|0x0000000080800000, 0x0000000080900000, 0x0000000080900000|100%| O|  |TAMS 0x0000000080800000| PB 0x0000000080800000| Untracked 
|   9|0x0000000080900000, 0x0000000080a00000, 0x0000000080a00000|100%| O|  |TAMS 0x0000000080900000| PB 0x0000000080900000| Untracked 
|  10|0x0000000080a00000, 0x0000000080b00000, 0x0000000080b00000|100%| O|  |TAMS 0x0000000080a00000| PB 0x0000000080a00000| Untracked 
|  11|0x0000000080b00000, 0x0000000080c00000, 0x0000000080c00000|100%| O|  |TAMS 0x0000000080b00000| PB 0x0000000080b00000| Untracked 
|  12|0x0000000080c00000, 0x0000000080d00000, 0x0000000080d00000|100%|HS|  |TAMS 0x0000000080c00000| PB 0x0000000080c00000| Complete 
|  13|0x0000000080d00000, 0x0000000080e00000, 0x0000000080e00000|100%| O|  |TAMS 0x0000000080d00000| PB 0x0000000080d00000| Untracked 
|  14|0x0000000080e00000, 0x0000000080f00000, 0x0000000080f00000|100%| O|  |TAMS 0x0000000080e00000| PB 0x0000000080e00000| Untracked 
|  15|0x0000000080f00000, 0x0000000081000000, 0x0000000081000000|100%| O|  |TAMS 0x0000000080f00000| PB 0x0000000080f00000| Untracked 
|  16|0x0000000081000000, 0x0000000081100000, 0x0000000081100000|100%| O|  |TAMS 0x0000000081000000| PB 0x0000000081000000| Untracked 
|  17|0x0000000081100000, 0x0000000081200000, 0x0000000081200000|100%| O|  |TAMS 0x0000000081100000| PB 0x0000000081100000| Untracked 
|  18|0x0000000081200000, 0x0000000081300000, 0x0000000081300000|100%| O|  |TAMS 0x0000000081200000| PB 0x0000000081200000| Untracked 
|  19|0x0000000081300000, 0x0000000081400000, 0x0000000081400000|100%| O|  |TAMS 0x0000000081300000| PB 0x0000000081300000| Untracked 
|  20|0x0000000081400000, 0x0000000081500000, 0x0000000081500000|100%| O|  |TAMS 0x0000000081400000| PB 0x0000000081400000| Untracked 
|  21|0x0000000081500000, 0x0000000081600000, 0x0000000081600000|100%| O|  |TAMS 0x0000000081500000| PB 0x0000000081500000| Untracked 
|  22|0x0000000081600000, 0x0000000081700000, 0x0000000081700000|100%| O|  |TAMS 0x0000000081600000| PB 0x0000000081600000| Untracked 
|  23|0x0000000081700000, 0x0000000081800000, 0x0000000081800000|100%|HS|  |TAMS 0x0000000081700000| PB 0x0000000081700000| Complete 
|  24|0x0000000081800000, 0x0000000081900000, 0x0000000081900000|100%|HC|  |TAMS 0x0000000081800000| PB 0x0000000081800000| Complete 
|  25|0x0000000081900000, 0x0000000081a00000, 0x0000000081a00000|100%|HS|  |TAMS 0x0000000081900000| PB 0x0000000081900000| Complete 
|  26|0x0000000081a00000, 0x0000000081b00000, 0x0000000081b00000|100%|HS|  |TAMS 0x0000000081a00000| PB 0x0000000081a00000| Complete 
|  27|0x0000000081b00000, 0x0000000081c00000, 0x0000000081c00000|100%| O|  |TAMS 0x0000000081b00000| PB 0x0000000081b00000| Untracked 
|  28|0x0000000081c00000, 0x0000000081d00000, 0x0000000081d00000|100%| O|Cm|TAMS 0x0000000081c00000| PB 0x0000000081c00000| Complete 
|  29|0x0000000081d00000, 0x0000000081e00000, 0x0000000081e00000|100%| O|  |TAMS 0x0000000081d00000| PB 0x0000000081d00000| Untracked 
|  30|0x0000000081e00000, 0x0000000081f00000, 0x0000000081f00000|100%|HS|  |TAMS 0x0000000081e00000| PB 0x0000000081e00000| Complete 
|  31|0x0000000081f00000, 0x0000000082000000, 0x0000000082000000|100%|HC|  |TAMS 0x0000000081f00000| PB 0x0000000081f00000| Complete 
|  32|0x0000000082000000, 0x0000000082100000, 0x0000000082100000|100%| O|  |TAMS 0x0000000082000000| PB 0x0000000082000000| Untracked 
|  33|0x0000000082100000, 0x0000000082200000, 0x0000000082200000|100%|HS|  |TAMS 0x0000000082100000| PB 0x0000000082100000| Complete 
|  34|0x0000000082200000, 0x0000000082300000, 0x0000000082300000|100%|HC|  |TAMS 0x0000000082200000| PB 0x0000000082200000| Complete 
|  35|0x0000000082300000, 0x0000000082400000, 0x0000000082400000|100%|HC|  |TAMS 0x0000000082300000| PB 0x0000000082300000| Complete 
|  36|0x0000000082400000, 0x0000000082500000, 0x0000000082500000|100%|HC|  |TAMS 0x0000000082400000| PB 0x0000000082400000| Complete 
|  37|0x0000000082500000, 0x0000000082600000, 0x0000000082600000|100%|HC|  |TAMS 0x0000000082500000| PB 0x0000000082500000| Complete 
|  38|0x0000000082600000, 0x0000000082700000, 0x0000000082700000|100%|HC|  |TAMS 0x0000000082600000| PB 0x0000000082600000| Complete 
|  39|0x0000000082700000, 0x0000000082800000, 0x0000000082800000|100%| O|  |TAMS 0x0000000082700000| PB 0x0000000082700000| Untracked 
|  40|0x0000000082800000, 0x0000000082900000, 0x0000000082900000|100%| O|  |TAMS 0x0000000082800000| PB 0x0000000082800000| Untracked 
|  41|0x0000000082900000, 0x0000000082a00000, 0x0000000082a00000|100%| O|  |TAMS 0x0000000082900000| PB 0x0000000082900000| Untracked 
|  42|0x0000000082a00000, 0x0000000082b00000, 0x0000000082b00000|100%| O|  |TAMS 0x0000000082a00000| PB 0x0000000082a00000| Untracked 
|  43|0x0000000082b00000, 0x0000000082c00000, 0x0000000082c00000|100%| O|  |TAMS 0x0000000082b00000| PB 0x0000000082b00000| Untracked 
|  44|0x0000000082c00000, 0x0000000082d00000, 0x0000000082d00000|100%| O|  |TAMS 0x0000000082c00000| PB 0x0000000082c00000| Untracked 
|  45|0x0000000082d00000, 0x0000000082e00000, 0x0000000082e00000|100%|HS|  |TAMS 0x0000000082d00000| PB 0x0000000082d00000| Complete 
|  46|0x0000000082e00000, 0x0000000082f00000, 0x0000000082f00000|100%|HC|  |TAMS 0x0000000082e00000| PB 0x0000000082e00000| Complete 
|  47|0x0000000082f00000, 0x0000000083000000, 0x0000000083000000|100%| O|  |TAMS 0x0000000082f00000| PB 0x0000000082f00000| Untracked 
|  48|0x0000000083000000, 0x0000000083100000, 0x0000000083100000|100%| O|  |TAMS 0x0000000083000000| PB 0x0000000083000000| Untracked 
|  49|0x0000000083100000, 0x0000000083200000, 0x0000000083200000|100%| O|  |TAMS 0x0000000083100000| PB 0x0000000083100000| Untracked 
|  50|0x0000000083200000, 0x0000000083300000, 0x0000000083300000|100%| O|  |TAMS 0x0000000083200000| PB 0x0000000083200000| Untracked 
|  51|0x0000000083300000, 0x0000000083400000, 0x0000000083400000|100%| O|  |TAMS 0x0000000083300000| PB 0x0000000083300000| Untracked 
|  52|0x0000000083400000, 0x0000000083500000, 0x0000000083500000|100%| O|  |TAMS 0x0000000083400000| PB 0x0000000083400000| Untracked 
|  53|0x0000000083500000, 0x0000000083600000, 0x0000000083600000|100%| O|  |TAMS 0x0000000083500000| PB 0x0000000083500000| Untracked 
|  54|0x0000000083600000, 0x0000000083700000, 0x0000000083700000|100%| O|  |TAMS 0x0000000083600000| PB 0x0000000083600000| Untracked 
|  55|0x0000000083700000, 0x0000000083800000, 0x0000000083800000|100%| E|CS|TAMS 0x0000000083700000| PB 0x0000000083700000| Complete 
|  56|0x0000000083800000, 0x0000000083900000, 0x0000000083900000|100%| O|  |TAMS 0x0000000083800000| PB 0x0000000083800000| Untracked 
|  57|0x0000000083900000, 0x0000000083a00000, 0x0000000083a00000|100%| O|  |TAMS 0x0000000083900000| PB 0x0000000083900000| Untracked 
|  58|0x0000000083a00000, 0x0000000083b00000, 0x0000000083b00000|100%| O|  |TAMS 0x0000000083a00000| PB 0x0000000083a00000| Untracked 
|  59|0x0000000083b00000, 0x0000000083c00000, 0x0000000083c00000|100%| O|  |TAMS 0x0000000083b00000| PB 0x0000000083b00000| Untracked 
|  60|0x0000000083c00000, 0x0000000083d00000, 0x0000000083d00000|100%| E|CS|TAMS 0x0000000083c00000| PB 0x0000000083c00000| Complete 
|  61|0x0000000083d00000, 0x0000000083e00000, 0x0000000083e00000|100%| E|CS|TAMS 0x0000000083d00000| PB 0x0000000083d00000| Complete 
|  62|0x0000000083e00000, 0x0000000083f00000, 0x0000000083f00000|100%| E|CS|TAMS 0x0000000083e00000| PB 0x0000000083e00000| Complete 
|  63|0x0000000083f00000, 0x0000000084000000, 0x0000000084000000|100%| E|CS|TAMS 0x0000000083f00000| PB 0x0000000083f00000| Complete 
|  64|0x0000000084000000, 0x0000000084100000, 0x0000000084100000|100%| E|CS|TAMS 0x0000000084000000| PB 0x0000000084000000| Complete 
|  65|0x0000000084100000, 0x0000000084200000, 0x0000000084200000|100%| E|CS|TAMS 0x0000000084100000| PB 0x0000000084100000| Complete 
|  66|0x0000000084200000, 0x0000000084300000, 0x0000000084300000|100%| O|  |TAMS 0x0000000084200000| PB 0x0000000084200000| Untracked 
|  67|0x0000000084300000, 0x0000000084400000, 0x0000000084400000|100%| O|  |TAMS 0x0000000084300000| PB 0x0000000084300000| Untracked 
|  68|0x0000000084400000, 0x0000000084500000, 0x0000000084500000|100%| O|  |TAMS 0x0000000084400000| PB 0x0000000084400000| Untracked 
|  69|0x0000000084500000, 0x0000000084600000, 0x0000000084600000|100%| O|  |TAMS 0x0000000084500000| PB 0x0000000084500000| Untracked 
|  70|0x0000000084600000, 0x0000000084700000, 0x0000000084700000|100%| E|CS|TAMS 0x0000000084600000| PB 0x0000000084600000| Complete 
|  71|0x0000000084700000, 0x0000000084800000, 0x0000000084800000|100%| S|  |TAMS 0x0000000084700000| PB 0x0000000084700000| Complete 
|  72|0x0000000084800000, 0x0000000084900000, 0x0000000084900000|100%|HS|  |TAMS 0x0000000084800000| PB 0x0000000084800000| Complete 
|  73|0x0000000084900000, 0x0000000084a00000, 0x0000000084a00000|100%|HC|  |TAMS 0x0000000084900000| PB 0x0000000084900000| Complete 
|  74|0x0000000084a00000, 0x0000000084b00000, 0x0000000084b00000|100%|HC|  |TAMS 0x0000000084a00000| PB 0x0000000084a00000| Complete 
|  75|0x0000000084b00000, 0x0000000084c00000, 0x0000000084c00000|100%|HC|  |TAMS 0x0000000084b00000| PB 0x0000000084b00000| Complete 
|  76|0x0000000084c00000, 0x0000000084d00000, 0x0000000084d00000|100%|HC|  |TAMS 0x0000000084c00000| PB 0x0000000084c00000| Complete 
|  77|0x0000000084d00000, 0x0000000084e00000, 0x0000000084e00000|100%|HC|  |TAMS 0x0000000084d00000| PB 0x0000000084d00000| Complete 
|  78|0x0000000084e00000, 0x0000000084f00000, 0x0000000084f00000|100%| S|  |TAMS 0x0000000084e00000| PB 0x0000000084e00000| Complete 
|  79|0x0000000084f00000, 0x0000000085000000, 0x0000000085000000|100%| S|  |TAMS 0x0000000084f00000| PB 0x0000000084f00000| Complete 
|  80|0x0000000085000000, 0x0000000085100000, 0x0000000085100000|100%| S|  |TAMS 0x0000000085000000| PB 0x0000000085000000| Complete 
|  81|0x0000000085100000, 0x0000000085200000, 0x0000000085200000|100%| S|  |TAMS 0x0000000085100000| PB 0x0000000085100000| Complete 
|  82|0x0000000085200000, 0x0000000085300000, 0x0000000085300000|100%| S|  |TAMS 0x0000000085200000| PB 0x0000000085200000| Complete 
|  83|0x0000000085300000, 0x0000000085400000, 0x0000000085400000|100%| S|  |TAMS 0x0000000085300000| PB 0x0000000085300000| Complete 
|  84|0x0000000085400000, 0x0000000085500000, 0x0000000085500000|100%| S|  |TAMS 0x0000000085400000| PB 0x0000000085400000| Complete 
|  85|0x0000000085500000, 0x0000000085600000, 0x0000000085600000|100%| E|CS|TAMS 0x0000000085500000| PB 0x0000000085500000| Complete 
|  86|0x0000000085600000, 0x0000000085700000, 0x0000000085700000|100%| E|CS|TAMS 0x0000000085600000| PB 0x0000000085600000| Complete 
|  87|0x0000000085700000, 0x0000000085800000, 0x0000000085800000|100%| E|CS|TAMS 0x0000000085700000| PB 0x0000000085700000| Complete 
|  88|0x0000000085800000, 0x0000000085900000, 0x0000000085900000|100%| E|CS|TAMS 0x0000000085800000| PB 0x0000000085800000| Complete 
|  89|0x0000000085900000, 0x0000000085a00000, 0x0000000085a00000|100%| E|CS|TAMS 0x0000000085900000| PB 0x0000000085900000| Complete 
|  90|0x0000000085a00000, 0x0000000085b00000, 0x0000000085b00000|100%| E|CS|TAMS 0x0000000085a00000| PB 0x0000000085a00000| Complete 
|  91|0x0000000085b00000, 0x0000000085c00000, 0x0000000085c00000|100%| E|CS|TAMS 0x0000000085b00000| PB 0x0000000085b00000| Complete 
|  92|0x0000000085c00000, 0x0000000085d00000, 0x0000000085d00000|100%| E|CS|TAMS 0x0000000085c00000| PB 0x0000000085c00000| Complete 
|  93|0x0000000085d00000, 0x0000000085e00000, 0x0000000085e00000|100%| E|CS|TAMS 0x0000000085d00000| PB 0x0000000085d00000| Complete 
|  94|0x0000000085e00000, 0x0000000085f00000, 0x0000000085f00000|100%| E|CS|TAMS 0x0000000085e00000| PB 0x0000000085e00000| Complete 
|  95|0x0000000085f00000, 0x0000000086000000, 0x0000000086000000|100%| E|CS|TAMS 0x0000000085f00000| PB 0x0000000085f00000| Complete 
|  96|0x0000000086000000, 0x0000000086100000, 0x0000000086100000|100%| E|CS|TAMS 0x0000000086000000| PB 0x0000000086000000| Complete 
|  97|0x0000000086100000, 0x0000000086200000, 0x0000000086200000|100%| E|CS|TAMS 0x0000000086100000| PB 0x0000000086100000| Complete 
|  98|0x0000000086200000, 0x0000000086300000, 0x0000000086300000|100%| E|CS|TAMS 0x0000000086200000| PB 0x0000000086200000| Complete 
|  99|0x0000000086300000, 0x0000000086400000, 0x0000000086400000|100%| E|CS|TAMS 0x0000000086300000| PB 0x0000000086300000| Complete 
| 100|0x0000000086400000, 0x0000000086500000, 0x0000000086500000|100%| E|CS|TAMS 0x0000000086400000| PB 0x0000000086400000| Complete 
| 101|0x0000000086500000, 0x0000000086600000, 0x0000000086600000|100%| E|CS|TAMS 0x0000000086500000| PB 0x0000000086500000| Complete 
| 102|0x0000000086600000, 0x0000000086700000, 0x0000000086700000|100%| E|CS|TAMS 0x0000000086600000| PB 0x0000000086600000| Complete 
| 103|0x0000000086700000, 0x0000000086800000, 0x0000000086800000|100%| E|CS|TAMS 0x0000000086700000| PB 0x0000000086700000| Complete 
| 104|0x0000000086800000, 0x0000000086900000, 0x0000000086900000|100%| E|CS|TAMS 0x0000000086800000| PB 0x0000000086800000| Complete 
| 105|0x0000000086900000, 0x0000000086a00000, 0x0000000086a00000|100%| E|CS|TAMS 0x0000000086900000| PB 0x0000000086900000| Complete 
| 106|0x0000000086a00000, 0x0000000086b00000, 0x0000000086b00000|100%| E|CS|TAMS 0x0000000086a00000| PB 0x0000000086a00000| Complete 
| 107|0x0000000086b00000, 0x0000000086c00000, 0x0000000086c00000|100%| E|CS|TAMS 0x0000000086b00000| PB 0x0000000086b00000| Complete 
| 108|0x0000000086c00000, 0x0000000086d00000, 0x0000000086d00000|100%| E|CS|TAMS 0x0000000086c00000| PB 0x0000000086c00000| Complete 
| 109|0x0000000086d00000, 0x0000000086e00000, 0x0000000086e00000|100%| E|CS|TAMS 0x0000000086d00000| PB 0x0000000086d00000| Complete 
| 110|0x0000000086e00000, 0x0000000086f00000, 0x0000000086f00000|100%| E|CS|TAMS 0x0000000086e00000| PB 0x0000000086e00000| Complete 
| 111|0x0000000086f00000, 0x0000000087000000, 0x0000000087000000|100%| E|CS|TAMS 0x0000000086f00000| PB 0x0000000086f00000| Complete 
| 112|0x0000000087000000, 0x0000000087100000, 0x0000000087100000|100%| E|CS|TAMS 0x0000000087000000| PB 0x0000000087000000| Complete 
| 113|0x0000000087100000, 0x0000000087200000, 0x0000000087200000|100%| E|CS|TAMS 0x0000000087100000| PB 0x0000000087100000| Complete 
| 114|0x0000000087200000, 0x0000000087300000, 0x0000000087300000|100%| E|CS|TAMS 0x0000000087200000| PB 0x0000000087200000| Complete 
| 115|0x0000000087300000, 0x0000000087400000, 0x0000000087400000|100%| E|CS|TAMS 0x0000000087300000| PB 0x0000000087300000| Complete 
| 116|0x0000000087400000, 0x0000000087500000, 0x0000000087500000|100%| E|CS|TAMS 0x0000000087400000| PB 0x0000000087400000| Complete 
| 117|0x0000000087500000, 0x0000000087600000, 0x0000000087600000|100%| E|CS|TAMS 0x0000000087500000| PB 0x0000000087500000| Complete 
| 118|0x0000000087600000, 0x0000000087700000, 0x0000000087700000|100%| E|CS|TAMS 0x0000000087600000| PB 0x0000000087600000| Complete 
| 119|0x0000000087700000, 0x0000000087800000, 0x0000000087800000|100%| E|CS|TAMS 0x0000000087700000| PB 0x0000000087700000| Complete 
| 120|0x0000000087800000, 0x0000000087900000, 0x0000000087900000|100%| E|CS|TAMS 0x0000000087800000| PB 0x0000000087800000| Complete 
| 121|0x0000000087900000, 0x0000000087a00000, 0x0000000087a00000|100%| E|CS|TAMS 0x0000000087900000| PB 0x0000000087900000| Complete 
| 122|0x0000000087a00000, 0x0000000087b00000, 0x0000000087b00000|100%| E|CS|TAMS 0x0000000087a00000| PB 0x0000000087a00000| Complete 
| 123|0x0000000087b00000, 0x0000000087c00000, 0x0000000087c00000|100%| E|CS|TAMS 0x0000000087b00000| PB 0x0000000087b00000| Complete 
| 124|0x0000000087c00000, 0x0000000087d00000, 0x0000000087d00000|100%| E|CS|TAMS 0x0000000087c00000| PB 0x0000000087c00000| Complete 
| 125|0x0000000087d00000, 0x0000000087e00000, 0x0000000087e00000|100%| E|CS|TAMS 0x0000000087d00000| PB 0x0000000087d00000| Complete 
| 126|0x0000000087e00000, 0x0000000087f00000, 0x0000000087f00000|100%| E|CS|TAMS 0x0000000087e00000| PB 0x0000000087e00000| Complete 
| 127|0x0000000087f00000, 0x0000000088000000, 0x0000000088000000|100%| E|CS|TAMS 0x0000000087f00000| PB 0x0000000087f00000| Complete 
| 128|0x0000000088000000, 0x0000000088100000, 0x0000000088100000|100%| E|CS|TAMS 0x0000000088000000| PB 0x0000000088000000| Complete 
| 129|0x0000000088100000, 0x0000000088200000, 0x0000000088200000|100%| E|CS|TAMS 0x0000000088100000| PB 0x0000000088100000| Complete 
| 130|0x0000000088200000, 0x0000000088300000, 0x0000000088300000|100%| E|CS|TAMS 0x0000000088200000| PB 0x0000000088200000| Complete 
| 131|0x0000000088300000, 0x0000000088400000, 0x0000000088400000|100%| E|CS|TAMS 0x0000000088300000| PB 0x0000000088300000| Complete 
| 132|0x0000000088400000, 0x0000000088500000, 0x0000000088500000|100%| E|CS|TAMS 0x0000000088400000| PB 0x0000000088400000| Complete 
|2044|0x00000000ffc00000, 0x00000000ffd00000, 0x00000000ffd00000|100%| E|CS|TAMS 0x00000000ffc00000| PB 0x00000000ffc00000| Complete 
|2045|0x00000000ffd00000, 0x00000000ffe00000, 0x00000000ffe00000|100%| O|  |TAMS 0x00000000ffd00000| PB 0x00000000ffd00000| Untracked 
|2046|0x00000000ffe00000, 0x00000000fff00000, 0x00000000fff00000|100%| O|  |TAMS 0x00000000ffe00000| PB 0x00000000ffe00000| Untracked 
|2047|0x00000000fff00000, 0x0000000100000000, 0x0000000100000000|100%| O|  |TAMS 0x00000000fff00000| PB 0x00000000fff00000| Untracked 

Card table byte_map: [0x0000019e99c90000,0x0000019e9a090000] _byte_map_base: 0x0000019e99890000

Marking Bits: (CMBitMap*) 0x0000019e801d5880
 Bits: [0x0000019e9a090000, 0x0000019e9c090000)

Polling page: 0x0000019e89dd0000

Metaspace:

Usage:
  Non-class:     54.17 MB used.
      Class:      9.09 MB used.
       Both:     63.26 MB used.

Virtual space:
  Non-class space:       64.00 MB reserved,      55.12 MB ( 86%) committed,  1 nodes.
      Class space:        1.00 GB reserved,      10.00 MB ( <1%) committed,  1 nodes.
             Both:        1.06 GB reserved,      65.12 MB (  6%) committed. 

Chunk freelists:
   Non-Class:  8.69 MB
       Class:  6.02 MB
        Both:  14.70 MB

MaxMetaspaceSize: unlimited
CompressedClassSpaceSize: 1.00 GB
Initial GC threshold: 21.00 MB
Current GC threshold: 106.19 MB
CDS: on
 - commit_granule_bytes: 65536.
 - commit_granule_words: 8192.
 - virtual_space_node_default_size: 8388608.
 - enlarge_chunks_in_place: 1.
 - use_allocation_guard: 0.


Internal statistics:

num_allocs_failed_limit: 3.
num_arena_births: 3390.
num_arena_deaths: 0.
num_vsnodes_births: 2.
num_vsnodes_deaths: 0.
num_space_committed: 1042.
num_space_uncommitted: 0.
num_chunks_returned_to_freelist: 3.
num_chunks_taken_from_freelist: 6339.
num_chunk_merges: 3.
num_chunk_splits: 4219.
num_chunks_enlarged: 2738.
num_inconsistent_stats: 0.

CodeHeap 'non-profiled nmethods': size=120000Kb used=2980Kb max_used=2980Kb free=117019Kb
 bounds [0x0000019e918c0000, 0x0000019e91bb0000, 0x0000019e98df0000]
CodeHeap 'profiled nmethods': size=120000Kb used=10355Kb max_used=10926Kb free=109644Kb
 bounds [0x0000019e89df0000, 0x0000019e8a8a0000, 0x0000019e91320000]
CodeHeap 'non-nmethods': size=5760Kb used=2283Kb max_used=2297Kb free=3476Kb
 bounds [0x0000019e91320000, 0x0000019e91590000, 0x0000019e918c0000]
 total_blobs=6414 nmethods=5619 adapters=699
 compilation: enabled
              stopped_count=0, restarted_count=0
 full_count=0

Compilation events (20 events):
Event: 16.024 Thread 0x0000019e9eb3a8e0 6629       3       sun.nio.fs.WindowsPath::normalize (365 bytes)
Event: 16.027 Thread 0x0000019e9eb3a8e0 nmethod 6629 0x0000019e8a320d90 code [0x0000019e8a321280, 0x0000019e8a323c80]
Event: 16.075 Thread 0x0000019e9eb3a8e0 6630       3       org.jetbrains.kotlin.config.LanguageFeature::<init> (95 bytes)
Event: 16.076 Thread 0x0000019e9eb3a8e0 nmethod 6630 0x0000019e8a0dc190 code [0x0000019e8a0dc340, 0x0000019e8a0dc6a8]
Event: 16.076 Thread 0x0000019e9eb3a8e0 6631       3       org.jetbrains.kotlin.config.LanguageFeature::<init> (114 bytes)
Event: 16.076 Thread 0x0000019e9eb3a8e0 nmethod 6631 0x0000019e89f68410 code [0x0000019e89f686e0, 0x0000019e89f69500]
Event: 16.082 Thread 0x0000019e9eb3a8e0 6632       3       org.jetbrains.kotlin.cli.jvm.modules.CoreJrtVirtualFile::getFileSystem (8 bytes)
Event: 16.082 Thread 0x0000019e9eb3a8e0 nmethod 6632 0x0000019e8a0dcc10 code [0x0000019e8a0dcda0, 0x0000019e8a0dceb0]
Event: 16.082 Thread 0x0000019e9eb3a8e0 6634       3       org.jetbrains.kotlin.com.intellij.openapi.vfs.VfsUtilCore::isAncestor (69 bytes)
Event: 16.082 Thread 0x0000019e9eb3a8e0 nmethod 6634 0x0000019e89e02610 code [0x0000019e89e02860, 0x0000019e89e03130]
Event: 16.082 Thread 0x0000019e9eb3a8e0 6633       3       org.jetbrains.kotlin.cli.jvm.modules.CoreJrtVirtualFile::getParent (8 bytes)
Event: 16.082 Thread 0x0000019e9eb3a8e0 nmethod 6633 0x0000019e8a17a310 code [0x0000019e8a17a4a0, 0x0000019e8a17a5b0]
Event: 16.083 Thread 0x0000019e9eb3a8e0 6635       3       jdk.internal.jrtfs.JrtPath::<init> (23 bytes)
Event: 16.083 Thread 0x0000019e9eb3a8e0 nmethod 6635 0x0000019e89ea6990 code [0x0000019e89ea6b60, 0x0000019e89ea6e28]
Event: 16.083 Thread 0x0000019e9eb346e0 6638       4       org.jetbrains.kotlin.cli.jvm.modules.CoreJrtVirtualFile::getName (39 bytes)
Event: 16.083 Thread 0x0000019e9eb3a8e0 6636       3       org.jetbrains.kotlin.cli.jvm.modules.CoreJrtVirtualFile::equals (47 bytes)
Event: 16.083 Thread 0x0000019e9eb3a8e0 nmethod 6636 0x0000019e8a1ae510 code [0x0000019e8a1ae720, 0x0000019e8a1af0c8]
Event: 16.083 Thread 0x0000019e9eb3a8e0 6637       3       jdk.internal.jrtfs.JrtPath::equals (30 bytes)
Event: 16.083 Thread 0x0000019e9eb3a8e0 nmethod 6637 0x0000019e8a096c10 code [0x0000019e8a096de0, 0x0000019e8a0971a0]
Event: 16.084 Thread 0x0000019e9eb346e0 nmethod 6638 0x0000019e91ba8e90 code [0x0000019e91ba9040, 0x0000019e91ba9238]

GC Heap History (20 events):
Event: 8.469 GC heap after
{Heap after GC invocations=11 (full 0):
 garbage-first heap   total 89088K, used 51614K [0x0000000080000000, 0x0000000100000000)
  region size 1024K, 2 young (2048K), 2 survivors (2048K)
 Metaspace       used 31220K, committed 32384K, reserved 1114112K
  class space    used 4451K, committed 4992K, reserved 1048576K
}
Event: 9.075 GC heap before
{Heap before GC invocations=12 (full 0):
 garbage-first heap   total 89088K, used 79262K [0x0000000080000000, 0x0000000100000000)
  region size 1024K, 29 young (29696K), 2 survivors (2048K)
 Metaspace       used 34113K, committed 35520K, reserved 1114112K
  class space    used 4951K, committed 5632K, reserved 1048576K
}
Event: 9.079 GC heap after
{Heap after GC invocations=13 (full 0):
 garbage-first heap   total 89088K, used 52683K [0x0000000080000000, 0x0000000100000000)
  region size 1024K, 3 young (3072K), 3 survivors (3072K)
 Metaspace       used 34113K, committed 35520K, reserved 1114112K
  class space    used 4951K, committed 5632K, reserved 1048576K
}
Event: 9.630 GC heap before
{Heap before GC invocations=13 (full 0):
 garbage-first heap   total 89088K, used 79307K [0x0000000080000000, 0x0000000100000000)
  region size 1024K, 30 young (30720K), 3 survivors (3072K)
 Metaspace       used 38309K, committed 39808K, reserved 1114112K
  class space    used 5440K, committed 6208K, reserved 1048576K
}
Event: 9.639 GC heap after
{Heap after GC invocations=14 (full 0):
 garbage-first heap   total 89088K, used 55353K [0x0000000080000000, 0x0000000100000000)
  region size 1024K, 4 young (4096K), 4 survivors (4096K)
 Metaspace       used 38309K, committed 39808K, reserved 1114112K
  class space    used 5440K, committed 6208K, reserved 1048576K
}
Event: 10.076 GC heap before
{Heap before GC invocations=14 (full 0):
 garbage-first heap   total 89088K, used 77881K [0x0000000080000000, 0x0000000100000000)
  region size 1024K, 27 young (27648K), 4 survivors (4096K)
 Metaspace       used 41013K, committed 42688K, reserved 1114112K
  class space    used 5849K, committed 6656K, reserved 1048576K
}
Event: 10.082 GC heap after
{Heap after GC invocations=15 (full 0):
 garbage-first heap   total 89088K, used 57628K [0x0000000080000000, 0x0000000100000000)
  region size 1024K, 3 young (3072K), 3 survivors (3072K)
 Metaspace       used 41013K, committed 42688K, reserved 1114112K
  class space    used 5849K, committed 6656K, reserved 1048576K
}
Event: 10.454 GC heap before
{Heap before GC invocations=16 (full 0):
 garbage-first heap   total 101376K, used 78108K [0x0000000080000000, 0x0000000100000000)
  region size 1024K, 23 young (23552K), 3 survivors (3072K)
 Metaspace       used 43206K, committed 44928K, reserved 1114112K
  class space    used 6220K, committed 7040K, reserved 1048576K
}
Event: 10.458 GC heap after
{Heap after GC invocations=17 (full 0):
 garbage-first heap   total 101376K, used 58837K [0x0000000080000000, 0x0000000100000000)
  region size 1024K, 2 young (2048K), 2 survivors (2048K)
 Metaspace       used 43206K, committed 44928K, reserved 1114112K
  class space    used 6220K, committed 7040K, reserved 1048576K
}
Event: 12.786 GC heap before
{Heap before GC invocations=17 (full 0):
 garbage-first heap   total 101376K, used 92629K [0x0000000080000000, 0x0000000100000000)
  region size 1024K, 34 young (34816K), 2 survivors (2048K)
 Metaspace       used 45216K, committed 46976K, reserved 1114112K
  class space    used 6489K, committed 7360K, reserved 1048576K
}
Event: 12.794 GC heap after
{Heap after GC invocations=18 (full 0):
 garbage-first heap   total 101376K, used 64560K [0x0000000080000000, 0x0000000100000000)
  region size 1024K, 5 young (5120K), 5 survivors (5120K)
 Metaspace       used 45216K, committed 46976K, reserved 1114112K
  class space    used 6489K, committed 7360K, reserved 1048576K
}
Event: 13.275 GC heap before
{Heap before GC invocations=18 (full 0):
 garbage-first heap   total 101376K, used 88112K [0x0000000080000000, 0x0000000100000000)
  region size 1024K, 29 young (29696K), 5 survivors (5120K)
 Metaspace       used 46637K, committed 48512K, reserved 1114112K
  class space    used 6674K, committed 7552K, reserved 1048576K
}
Event: 13.282 GC heap after
{Heap after GC invocations=19 (full 0):
 garbage-first heap   total 101376K, used 66620K [0x0000000080000000, 0x0000000100000000)
  region size 1024K, 2 young (2048K), 2 survivors (2048K)
 Metaspace       used 46637K, committed 48512K, reserved 1114112K
  class space    used 6674K, committed 7552K, reserved 1048576K
}
Event: 13.512 GC heap before
{Heap before GC invocations=20 (full 0):
 garbage-first heap   total 140288K, used 90172K [0x0000000080000000, 0x0000000100000000)
  region size 1024K, 25 young (25600K), 2 survivors (2048K)
 Metaspace       used 47013K, committed 48832K, reserved 1114112K
  class space    used 6746K, committed 7616K, reserved 1048576K
}
Event: 13.517 GC heap after
{Heap after GC invocations=21 (full 0):
 garbage-first heap   total 140288K, used 66937K [0x0000000080000000, 0x0000000100000000)
  region size 1024K, 3 young (3072K), 3 survivors (3072K)
 Metaspace       used 47013K, committed 48832K, reserved 1114112K
  class space    used 6746K, committed 7616K, reserved 1048576K
}
Event: 14.777 GC heap before
{Heap before GC invocations=21 (full 0):
 garbage-first heap   total 140288K, used 122233K [0x0000000080000000, 0x0000000100000000)
  region size 1024K, 58 young (59392K), 3 survivors (3072K)
 Metaspace       used 55930K, committed 57856K, reserved 1114112K
  class space    used 8268K, committed 9216K, reserved 1048576K
}
Event: 14.783 GC heap after
{Heap after GC invocations=22 (full 0):
 garbage-first heap   total 140288K, used 68297K [0x0000000080000000, 0x0000000100000000)
  region size 1024K, 4 young (4096K), 4 survivors (4096K)
 Metaspace       used 55930K, committed 57856K, reserved 1114112K
  class space    used 8268K, committed 9216K, reserved 1048576K
}
Event: 15.732 GC heap before
{Heap before GC invocations=22 (full 0):
 garbage-first heap   total 140288K, used 126665K [0x0000000080000000, 0x0000000100000000)
  region size 1024K, 61 young (62464K), 4 survivors (4096K)
 Metaspace       used 63234K, committed 65216K, reserved 1114112K
  class space    used 9115K, committed 10048K, reserved 1048576K
}
Event: 15.740 GC heap after
{Heap after GC invocations=23 (full 0):
 garbage-first heap   total 140288K, used 72773K [0x0000000080000000, 0x0000000100000000)
  region size 1024K, 8 young (8192K), 8 survivors (8192K)
 Metaspace       used 63234K, committed 65216K, reserved 1114112K
  class space    used 9115K, committed 10048K, reserved 1048576K
}
Event: 16.101 GC heap before
{Heap before GC invocations=24 (full 0):
 garbage-first heap   total 140288K, used 122949K [0x0000000080000000, 0x0000000100000000)
  region size 1024K, 57 young (58368K), 8 survivors (8192K)
 Metaspace       used 64774K, committed 66688K, reserved 1114112K
  class space    used 9305K, committed 10240K, reserved 1048576K
}

Dll operation events (15 events):
Event: 0.020 Loaded shared library C:\Program Files\Java\jdk-21\bin\java.dll
Event: 0.071 Loaded shared library C:\Program Files\Java\jdk-21\bin\jsvml.dll
Event: 0.133 Loaded shared library C:\Program Files\Java\jdk-21\bin\zip.dll
Event: 0.138 Loaded shared library C:\Program Files\Java\jdk-21\bin\instrument.dll
Event: 0.149 Loaded shared library C:\Program Files\Java\jdk-21\bin\net.dll
Event: 0.156 Loaded shared library C:\Program Files\Java\jdk-21\bin\nio.dll
Event: 0.160 Loaded shared library C:\Program Files\Java\jdk-21\bin\zip.dll
Event: 0.534 Loaded shared library C:\Program Files\Java\jdk-21\bin\jimage.dll
Event: 1.084 Loaded shared library C:\Program Files\Java\jdk-21\bin\verify.dll
Event: 1.144 Loaded shared library D:\Android\Gradle_Home\native\660c5614fbf4a5f2a75b1949f50a0caf5cd603558e7d8a26e50b933a0cfb79d1\windows-amd64\native-platform.dll
Event: 1.948 Loaded shared library D:\Android\Gradle_Home\native\0.2.8\x86_64-windows-gnu\gradle-fileevents.dll
Event: 3.050 Loaded shared library C:\Program Files\Java\jdk-21\bin\management.dll
Event: 3.059 Loaded shared library C:\Program Files\Java\jdk-21\bin\management_ext.dll
Event: 3.265 Loaded shared library C:\Program Files\Java\jdk-21\bin\extnet.dll
Event: 3.747 Loaded shared library C:\Program Files\Java\jdk-21\bin\sunmscapi.dll

Deoptimization events (20 events):
Event: 16.083 Thread 0x0000019ee5dbfaf0 Uncommon trap: trap_request=0xffffffde fr.pc=0x0000019e91a1dde0 relative=0x0000000000000240
Event: 16.083 Thread 0x0000019ee5dbfaf0 Uncommon trap: reason=class_check action=maybe_recompile pc=0x0000019e91a1dde0 method=org.jetbrains.kotlin.com.intellij.openapi.util.text.StringUtilRt.equal(Ljava/lang/CharSequence;Ljava/lang/CharSequence;Z)Z @ 18 c2
Event: 16.083 Thread 0x0000019ee5dbfaf0 DEOPT PACKING pc=0x0000019e91a1dde0 sp=0x00000033e0ef3a40
Event: 16.083 Thread 0x0000019ee5dbfaf0 DEOPT UNPACKING pc=0x0000019e91377da2 sp=0x00000033e0ef39d0 mode 2
Event: 16.083 Thread 0x0000019ee5dbfaf0 Uncommon trap: trap_request=0xffffffde fr.pc=0x0000019e919eb72c relative=0x00000000000002cc
Event: 16.083 Thread 0x0000019ee5dbfaf0 Uncommon trap: reason=class_check action=maybe_recompile pc=0x0000019e919eb72c method=java.lang.AbstractStringBuilder.append(Ljava/lang/CharSequence;II)Ljava/lang/AbstractStringBuilder; @ 10 c2
Event: 16.083 Thread 0x0000019ee5dbfaf0 DEOPT PACKING pc=0x0000019e919eb72c sp=0x00000033e0ef3790
Event: 16.083 Thread 0x0000019ee5dbfaf0 DEOPT UNPACKING pc=0x0000019e91377da2 sp=0x00000033e0ef36e0 mode 2
Event: 16.083 Thread 0x0000019ee5dbfaf0 Uncommon trap: trap_request=0xffffffde fr.pc=0x0000019e919eb72c relative=0x00000000000002cc
Event: 16.083 Thread 0x0000019ee5dbfaf0 Uncommon trap: reason=class_check action=maybe_recompile pc=0x0000019e919eb72c method=java.lang.AbstractStringBuilder.append(Ljava/lang/CharSequence;II)Ljava/lang/AbstractStringBuilder; @ 10 c2
Event: 16.083 Thread 0x0000019ee5dbfaf0 DEOPT PACKING pc=0x0000019e919eb72c sp=0x00000033e0ef3800
Event: 16.083 Thread 0x0000019ee5dbfaf0 DEOPT UNPACKING pc=0x0000019e91377da2 sp=0x00000033e0ef3750 mode 2
Event: 16.083 Thread 0x0000019ee5dbfaf0 Uncommon trap: trap_request=0xffffffde fr.pc=0x0000019e919eb72c relative=0x00000000000002cc
Event: 16.083 Thread 0x0000019ee5dbfaf0 Uncommon trap: reason=class_check action=maybe_recompile pc=0x0000019e919eb72c method=java.lang.AbstractStringBuilder.append(Ljava/lang/CharSequence;II)Ljava/lang/AbstractStringBuilder; @ 10 c2
Event: 16.083 Thread 0x0000019ee5dbfaf0 DEOPT PACKING pc=0x0000019e919eb72c sp=0x00000033e0ef3860
Event: 16.083 Thread 0x0000019ee5dbfaf0 DEOPT UNPACKING pc=0x0000019e91377da2 sp=0x00000033e0ef37b0 mode 2
Event: 16.084 Thread 0x0000019ee5dbfaf0 Uncommon trap: trap_request=0xffffffde fr.pc=0x0000019e919eb72c relative=0x00000000000002cc
Event: 16.084 Thread 0x0000019ee5dbfaf0 Uncommon trap: reason=class_check action=maybe_recompile pc=0x0000019e919eb72c method=java.lang.AbstractStringBuilder.append(Ljava/lang/CharSequence;II)Ljava/lang/AbstractStringBuilder; @ 10 c2
Event: 16.084 Thread 0x0000019ee5dbfaf0 DEOPT PACKING pc=0x0000019e919eb72c sp=0x00000033e0ef38d0
Event: 16.084 Thread 0x0000019ee5dbfaf0 DEOPT UNPACKING pc=0x0000019e91377da2 sp=0x00000033e0ef3820 mode 2

Classes loaded (20 events):
Event: 15.631 Loading class java/beans/PropertyChangeSupport
Event: 15.632 Loading class java/beans/PropertyChangeSupport done
Event: 15.632 Loading class java/beans/PropertyChangeSupport$PropertyChangeListenerMap
Event: 15.632 Loading class java/beans/ChangeListenerMap
Event: 15.633 Loading class java/beans/ChangeListenerMap done
Event: 15.633 Loading class java/beans/PropertyChangeSupport$PropertyChangeListenerMap done
Event: 15.633 Loading class java/beans/PropertyChangeListener
Event: 15.633 Loading class java/beans/PropertyChangeListener done
Event: 15.896 Loading class java/util/regex/Pattern$Bound
Event: 15.896 Loading class java/util/regex/Pattern$Bound done
Event: 15.897 Loading class java/util/regex/Pattern$LookBehindEndNode
Event: 15.898 Loading class java/util/regex/Pattern$LookBehindEndNode done
Event: 15.898 Loading class java/util/regex/Pattern$NotBehind
Event: 15.898 Loading class java/util/regex/Pattern$NotBehind done
Event: 15.975 Loading class java/util/function/IntUnaryOperator
Event: 15.975 Loading class java/util/function/IntUnaryOperator done
Event: 15.981 Loading class java/io/NotSerializableException
Event: 15.981 Loading class java/io/NotSerializableException done
Event: 16.016 Loading class sun/nio/fs/WindowsLinkSupport
Event: 16.016 Loading class sun/nio/fs/WindowsLinkSupport done

Classes unloaded (0 events):
No events

Classes redefined (0 events):
No events

Internal exceptions (20 events):
Event: 14.514 Thread 0x0000019ee5dbfaf0 Exception <a 'java/lang/NoSuchMethodError'{0x00000000858afbb8}: 'void java.lang.invoke.DelegatingMethodHandle$Holder.reinvoke_L(java.lang.Object, java.lang.Object, java.lang.Object, long, java.lang.Object)'> (0x00000000858afbb8) 
thrown [s\open\src\hotspot\share\interpreter\linkResolver.cpp, line 773]
Event: 14.515 Thread 0x0000019ee5dbfaf0 Exception <a 'java/lang/NoSuchMethodError'{0x00000000858b8078}: 'java.lang.Object java.lang.invoke.DirectMethodHandle$Holder.invokeSpecial(java.lang.Object, java.lang.Object, java.lang.Object, java.lang.Object, long)'> (0x00000000858b8078) 
thrown [s\open\src\hotspot\share\interpreter\linkResolver.cpp, line 773]
Event: 14.516 Thread 0x0000019ee5dbfaf0 Exception <a 'java/lang/NoSuchMethodError'{0x00000000858c7f18}: 'int java.lang.invoke.DelegatingMethodHandle$Holder.reinvoke_L(java.lang.Object, java.lang.Object, java.lang.Object, long, java.lang.Object, java.lang.Object)'> (0x00000000858c7f18) 
thrown [s\open\src\hotspot\share\interpreter\linkResolver.cpp, line 773]
Event: 14.517 Thread 0x0000019ee5dbfaf0 Exception <a 'java/lang/NoSuchMethodError'{0x00000000858d7908}: 'int java.lang.invoke.DelegatingMethodHandle$Holder.reinvoke_L(java.lang.Object, java.lang.Object, java.lang.Object, long, int, int)'> (0x00000000858d7908) 
thrown [s\open\src\hotspot\share\interpreter\linkResolver.cpp, line 773]
Event: 14.518 Thread 0x0000019ee5dbfaf0 Exception <a 'java/lang/NoSuchMethodError'{0x00000000858e6e68}: 'int java.lang.invoke.DelegatingMethodHandle$Holder.reinvoke_L(java.lang.Object, java.lang.Object, java.lang.Object, long, long, long)'> (0x00000000858e6e68) 
thrown [s\open\src\hotspot\share\interpreter\linkResolver.cpp, line 773]
Event: 14.519 Thread 0x0000019ee5dbfaf0 Exception <a 'java/lang/NoSuchMethodError'{0x00000000858f60b0}: 'int java.lang.invoke.DelegatingMethodHandle$Holder.reinvoke_L(java.lang.Object, java.lang.Object, java.lang.Object, long, int)'> (0x00000000858f60b0) 
thrown [s\open\src\hotspot\share\interpreter\linkResolver.cpp, line 773]
Event: 14.520 Thread 0x0000019ee5dbfaf0 Exception <a 'java/lang/NoSuchMethodError'{0x0000000085709560}: 'void java.lang.invoke.DelegatingMethodHandle$Holder.reinvoke_L(java.lang.Object, java.lang.Object, java.lang.Object, long, java.lang.Object, long, long)'> (0x0000000085709560) 
thrown [s\open\src\hotspot\share\interpreter\linkResolver.cpp, line 773]
Event: 14.521 Thread 0x0000019ee5dbfaf0 Exception <a 'java/lang/NoSuchMethodError'{0x00000000857116e8}: 'long java.lang.invoke.Invokers$Holder.invokeExact_MT(java.lang.Object, java.lang.Object, java.lang.Object)'> (0x00000000857116e8) 
thrown [s\open\src\hotspot\share\interpreter\linkResolver.cpp, line 773]
Event: 14.521 Thread 0x0000019ee5dbfaf0 Exception <a 'java/lang/NoSuchMethodError'{0x0000000085716748}: 'int java.lang.invoke.Invokers$Holder.invokeExact_MT(java.lang.Object, java.lang.Object, java.lang.Object)'> (0x0000000085716748) 
thrown [s\open\src\hotspot\share\interpreter\linkResolver.cpp, line 773]
Event: 14.609 Thread 0x0000019ee5dbfaf0 Exception <a 'java/lang/NoSuchMethodError'{0x0000000085480ec0}: 'java.lang.Object java.lang.invoke.DirectMethodHandle$Holder.invokeStatic(java.lang.Object, java.lang.Object, int, java.lang.Object, int)'> (0x0000000085480ec0) 
thrown [s\open\src\hotspot\share\interpreter\linkResolver.cpp, line 773]
Event: 15.178 Thread 0x0000019ee5dbfaf0 Exception <a 'java/lang/NoSuchMethodError'{0x0000000086cd2a10}: 'java.lang.Object java.lang.invoke.DirectMethodHandle$Holder.invokeStatic(java.lang.Object, java.lang.Object, java.lang.Object, java.lang.Object, int, java.lang.Object)'> (0x0000000086cd2a10) 
thrown [s\open\src\hotspot\share\interpreter\linkResolver.cpp, line 773]
Event: 15.227 Thread 0x0000019ee5dbfaf0 Exception <a 'java/lang/NoSuchMethodError'{0x0000000086a12678}: 'long java.lang.invoke.DirectMethodHandle$Holder.invokeStatic(java.lang.Object, java.lang.Object, int)'> (0x0000000086a12678) 
thrown [s\open\src\hotspot\share\interpreter\linkResolver.cpp, line 773]
Event: 15.228 Thread 0x0000019ee5dbfaf0 Exception <a 'java/lang/NoSuchMethodError'{0x0000000086a1ee08}: 'java.lang.Object java.lang.invoke.DelegatingMethodHandle$Holder.reinvoke_L(java.lang.Object, int, long, java.lang.Object, java.lang.Object, int, java.lang.Object)'> (0x0000000086a1ee08) 
thrown [s\open\src\hotspot\share\interpreter\linkResolver.cpp, line 773]
Event: 15.543 Thread 0x0000019ee5dbfaf0 Exception <a 'java/lang/NoSuchMethodError'{0x00000000859f93d8}: 'java.lang.Object java.lang.invoke.Invokers$Holder.invokeExact_MT(java.lang.Object, java.lang.Object, long, java.lang.Object)'> (0x00000000859f93d8) 
thrown [s\open\src\hotspot\share\interpreter\linkResolver.cpp, line 773]
Event: 15.675 Thread 0x0000019ee5dbfaf0 Exception <a 'java/lang/NoSuchMethodError'{0x0000000085225ad8}: 'java.lang.Object java.lang.invoke.DirectMethodHandle$Holder.invokeStatic(java.lang.Object, java.lang.Object, long, long)'> (0x0000000085225ad8) 
thrown [s\open\src\hotspot\share\interpreter\linkResolver.cpp, line 773]
Event: 15.680 Thread 0x0000019ee5dbfaf0 Exception <a 'java/lang/NoSuchMethodError'{0x0000000085272f08}: 'java.lang.Object java.lang.invoke.DirectMethodHandle$Holder.invokeStatic(java.lang.Object, java.lang.Object, java.lang.Object, long, java.lang.Object)'> (0x0000000085272f08) 
thrown [s\open\src\hotspot\share\interpreter\linkResolver.cpp, line 773]
Event: 15.680 Thread 0x0000019ee5dbfaf0 Exception <a 'java/lang/NoSuchMethodError'{0x000000008527b838}: 'java.lang.Object java.lang.invoke.DirectMethodHandle$Holder.newInvokeSpecial(java.lang.Object, java.lang.Object, java.lang.Object, long)'> (0x000000008527b838) 
thrown [s\open\src\hotspot\share\interpreter\linkResolver.cpp, line 773]
Event: 15.681 Thread 0x0000019ee5dbfaf0 Exception <a 'java/lang/NoSuchMethodError'{0x0000000085281010}: 'java.lang.Object java.lang.invoke.Invokers$Holder.linkToTargetMethod(java.lang.Object, java.lang.Object, long, java.lang.Object)'> (0x0000000085281010) 
thrown [s\open\src\hotspot\share\interpreter\linkResolver.cpp, line 773]
Event: 15.833 Thread 0x0000019ee5dbfaf0 Implicit null exception at 0x0000019e91a4a4e7 to 0x0000019e91a4a8f0
Event: 15.975 Thread 0x0000019ee5dbfaf0 Exception <a 'java/lang/NoSuchMethodError'{0x0000000085cb7b10}: 'int java.lang.invoke.DirectMethodHandle$Holder.invokeSpecial(java.lang.Object, java.lang.Object, int, int)'> (0x0000000085cb7b10) 
thrown [s\open\src\hotspot\share\interpreter\linkResolver.cpp, line 773]

ZGC Phase Switch (0 events):
No events

VM Operations (20 events):
Event: 15.209 Executing VM operation: HandshakeAllThreads (Deoptimize) done
Event: 15.212 Executing VM operation: HandshakeAllThreads (Deoptimize)
Event: 15.212 Executing VM operation: HandshakeAllThreads (Deoptimize) done
Event: 15.237 Executing VM operation: HandshakeAllThreads (Deoptimize)
Event: 15.237 Executing VM operation: HandshakeAllThreads (Deoptimize) done
Event: 15.254 Executing VM operation: HandshakeAllThreads (Deoptimize)
Event: 15.254 Executing VM operation: HandshakeAllThreads (Deoptimize) done
Event: 15.323 Executing VM operation: HandshakeAllThreads (Deoptimize)
Event: 15.323 Executing VM operation: HandshakeAllThreads (Deoptimize) done
Event: 15.626 Executing VM operation: HandshakeAllThreads (Deoptimize)
Event: 15.626 Executing VM operation: HandshakeAllThreads (Deoptimize) done
Event: 15.732 Executing VM operation: G1CollectForAllocation (G1 Evacuation Pause)
Event: 15.740 Executing VM operation: G1CollectForAllocation (G1 Evacuation Pause) done
Event: 15.776 Executing VM operation: G1PauseRemark
Event: 15.781 Executing VM operation: G1PauseRemark done
Event: 15.793 Executing VM operation: HandshakeAllThreads (Deoptimize)
Event: 15.793 Executing VM operation: HandshakeAllThreads (Deoptimize) done
Event: 15.802 Executing VM operation: G1PauseCleanup
Event: 15.802 Executing VM operation: G1PauseCleanup done
Event: 16.101 Executing VM operation: G1CollectForAllocation (G1 Evacuation Pause)

Events (20 events):
Event: 15.780 Thread 0x0000019e9eb0a4c0 flushing nmethod 0x0000019e89fd0890
Event: 15.780 Thread 0x0000019e9eb0a4c0 flushing nmethod 0x0000019e8a115e10
Event: 15.780 Thread 0x0000019e9eb0a4c0 flushing nmethod 0x0000019e8a116510
Event: 15.780 Thread 0x0000019e9eb0a4c0 flushing nmethod 0x0000019e8a117390
Event: 15.780 Thread 0x0000019e9eb0a4c0 flushing nmethod 0x0000019e8a117890
Event: 15.780 Thread 0x0000019e9eb0a4c0 flushing nmethod 0x0000019e8a1f8c10
Event: 15.780 Thread 0x0000019e9eb0a4c0 flushing nmethod 0x0000019e8a1fb990
Event: 15.780 Thread 0x0000019e9eb0a4c0 flushing nmethod 0x0000019e8a1fc090
Event: 15.780 Thread 0x0000019e9eb0a4c0 flushing nmethod 0x0000019e8a1fc610
Event: 15.780 Thread 0x0000019e9eb0a4c0 flushing nmethod 0x0000019e8a1fdf90
Event: 15.780 Thread 0x0000019e9eb0a4c0 flushing nmethod 0x0000019e8a1ffd90
Event: 15.780 Thread 0x0000019e9eb0a4c0 flushing nmethod 0x0000019e8a224f10
Event: 15.780 Thread 0x0000019e9eb0a4c0 flushing nmethod 0x0000019e8a226710
Event: 15.780 Thread 0x0000019e9eb0a4c0 flushing nmethod 0x0000019e8a250f90
Event: 15.780 Thread 0x0000019e9eb0a4c0 flushing nmethod 0x0000019e8a256710
Event: 15.780 Thread 0x0000019e9eb0a4c0 flushing nmethod 0x0000019e8a28c110
Event: 15.780 Thread 0x0000019e9eb0a4c0 flushing nmethod 0x0000019e8a432a10
Event: 15.780 Thread 0x0000019e9eb0a4c0 flushing nmethod 0x0000019e8a496810
Event: 15.780 Thread 0x0000019e9eb0a4c0 flushing nmethod 0x0000019e8a60d610
Event: 15.780 Thread 0x0000019e9eb0a4c0 flushing nmethod 0x0000019e8a60e510


Dynamic libraries:
0x00007ff7e7480000 - 0x00007ff7e7490000 	C:\Program Files\Java\jdk-21\bin\java.exe
0x00007ffc60eb0000 - 0x00007ffc610c8000 	C:\WINDOWS\SYSTEM32\ntdll.dll
0x00007ffc5fab0000 - 0x00007ffc5fb74000 	C:\WINDOWS\System32\KERNEL32.DLL
0x00007ffc5e1b0000 - 0x00007ffc5e583000 	C:\WINDOWS\System32\KERNELBASE.dll
0x00007ffc5e590000 - 0x00007ffc5e6a1000 	C:\WINDOWS\System32\ucrtbase.dll
0x00007ffc43bf0000 - 0x00007ffc43c09000 	C:\Program Files\Java\jdk-21\bin\jli.dll
0x00007ffc0e260000 - 0x00007ffc0e27b000 	C:\Program Files\Java\jdk-21\bin\VCRUNTIME140.dll
0x00007ffc5f9e0000 - 0x00007ffc5fa91000 	C:\WINDOWS\System32\ADVAPI32.dll
0x00007ffc60dc0000 - 0x00007ffc60e67000 	C:\WINDOWS\System32\msvcrt.dll
0x00007ffc609d0000 - 0x00007ffc60a78000 	C:\WINDOWS\System32\sechost.dll
0x00007ffc5e6b0000 - 0x00007ffc5e6d8000 	C:\WINDOWS\System32\bcrypt.dll
0x00007ffc5ebd0000 - 0x00007ffc5ece8000 	C:\WINDOWS\System32\RPCRT4.dll
0x00007ffc5ff70000 - 0x00007ffc60122000 	C:\WINDOWS\System32\USER32.dll
0x00007ffc38d00000 - 0x00007ffc38f9c000 	C:\WINDOWS\WinSxS\amd64_microsoft.windows.common-controls_6595b64144ccf1df_6.0.22621.6060_none_2712eda17382d24b\COMCTL32.dll
0x00007ffc5dfc0000 - 0x00007ffc5dfe6000 	C:\WINDOWS\System32\win32u.dll
0x00007ffc5fd30000 - 0x00007ffc5fd59000 	C:\WINDOWS\System32\GDI32.dll
0x00007ffc5ea30000 - 0x00007ffc5eb4b000 	C:\WINDOWS\System32\gdi32full.dll
0x00007ffc5e6e0000 - 0x00007ffc5e77a000 	C:\WINDOWS\System32\msvcp_win.dll
0x00007ffc562b0000 - 0x00007ffc562ba000 	C:\WINDOWS\SYSTEM32\VERSION.dll
0x00007ffc5fb90000 - 0x00007ffc5fbc1000 	C:\WINDOWS\System32\IMM32.DLL
0x00007ffc43be0000 - 0x00007ffc43bec000 	C:\Program Files\Java\jdk-21\bin\vcruntime140_1.dll
0x00007ffb62120000 - 0x00007ffb621ae000 	C:\Program Files\Java\jdk-21\bin\msvcp140.dll
0x00007ffb57770000 - 0x00007ffb5848d000 	C:\Program Files\Java\jdk-21\bin\server\jvm.dll
0x00007ffc5eb50000 - 0x00007ffc5ebc1000 	C:\WINDOWS\System32\WS2_32.dll
0x00007ffc5de90000 - 0x00007ffc5dedd000 	C:\WINDOWS\SYSTEM32\POWRPROF.dll
0x00007ffc58370000 - 0x00007ffc583a4000 	C:\WINDOWS\SYSTEM32\WINMM.dll
0x00007ffc5de70000 - 0x00007ffc5de83000 	C:\WINDOWS\SYSTEM32\UMPDC.dll
0x00007ffc5cf60000 - 0x00007ffc5cf78000 	C:\WINDOWS\SYSTEM32\kernel.appcore.dll
0x00007ffc13270000 - 0x00007ffc1327a000 	C:\Program Files\Java\jdk-21\bin\jimage.dll
0x00007ffc5b860000 - 0x00007ffc5ba93000 	C:\WINDOWS\SYSTEM32\DBGHELP.DLL
0x00007ffc5f1a0000 - 0x00007ffc5f531000 	C:\WINDOWS\System32\combase.dll
0x00007ffc5eda0000 - 0x00007ffc5ee78000 	C:\WINDOWS\System32\OLEAUT32.dll
0x00007ffc373d0000 - 0x00007ffc37402000 	C:\WINDOWS\SYSTEM32\dbgcore.DLL
0x00007ffc5dff0000 - 0x00007ffc5e06b000 	C:\WINDOWS\System32\bcryptPrimitives.dll
0x00007ffc0e250000 - 0x00007ffc0e25f000 	C:\Program Files\Java\jdk-21\bin\instrument.dll
0x00007ffc0a4f0000 - 0x00007ffc0a50f000 	C:\Program Files\Java\jdk-21\bin\java.dll
0x00007ffc60130000 - 0x00007ffc609cc000 	C:\WINDOWS\System32\SHELL32.dll
0x00007ffc5e070000 - 0x00007ffc5e1af000 	C:\WINDOWS\System32\wintypes.dll
0x00007ffc5be70000 - 0x00007ffc5c78a000 	C:\WINDOWS\SYSTEM32\windows.storage.dll
0x00007ffc5fe60000 - 0x00007ffc5ff64000 	C:\WINDOWS\System32\SHCORE.dll
0x00007ffc5fd60000 - 0x00007ffc5fdc9000 	C:\WINDOWS\System32\shlwapi.dll
0x00007ffc5def0000 - 0x00007ffc5df15000 	C:\WINDOWS\SYSTEM32\profapi.dll
0x00007ffb5c380000 - 0x00007ffb5c457000 	C:\Program Files\Java\jdk-21\bin\jsvml.dll
0x00007ffc02d20000 - 0x00007ffc02d38000 	C:\Program Files\Java\jdk-21\bin\zip.dll
0x00007ffc0a4e0000 - 0x00007ffc0a4f0000 	C:\Program Files\Java\jdk-21\bin\net.dll
0x00007ffc59800000 - 0x00007ffc5992c000 	C:\WINDOWS\SYSTEM32\WINHTTP.dll
0x00007ffc5d430000 - 0x00007ffc5d499000 	C:\WINDOWS\system32\mswsock.dll
0x00007ffb66740000 - 0x00007ffb66756000 	C:\Program Files\Java\jdk-21\bin\nio.dll
0x00007ffc0a470000 - 0x00007ffc0a480000 	C:\Program Files\Java\jdk-21\bin\verify.dll
0x00007ffc0ed40000 - 0x00007ffc0ed67000 	D:\Android\Gradle_Home\native\660c5614fbf4a5f2a75b1949f50a0caf5cd603558e7d8a26e50b933a0cfb79d1\windows-amd64\native-platform.dll
0x00007ffb5c300000 - 0x00007ffb5c377000 	D:\Android\Gradle_Home\native\0.2.8\x86_64-windows-gnu\gradle-fileevents.dll
0x00007ffc0a450000 - 0x00007ffc0a45a000 	C:\Program Files\Java\jdk-21\bin\management.dll
0x00007ffc09fb0000 - 0x00007ffc09fbb000 	C:\Program Files\Java\jdk-21\bin\management_ext.dll
0x00007ffc60cc0000 - 0x00007ffc60cc8000 	C:\WINDOWS\System32\PSAPI.DLL
0x00007ffc5c9f0000 - 0x00007ffc5ca1d000 	C:\WINDOWS\SYSTEM32\IPHLPAPI.DLL
0x00007ffc5faa0000 - 0x00007ffc5faa9000 	C:\WINDOWS\System32\NSI.dll
0x00007ffc02d10000 - 0x00007ffc02d19000 	C:\Program Files\Java\jdk-21\bin\extnet.dll
0x00007ffc5d680000 - 0x00007ffc5d69b000 	C:\WINDOWS\SYSTEM32\CRYPTSP.dll
0x00007ffc5cec0000 - 0x00007ffc5cef7000 	C:\WINDOWS\system32\rsaenh.dll
0x00007ffc5d500000 - 0x00007ffc5d528000 	C:\WINDOWS\SYSTEM32\USERENV.dll
0x00007ffc5d6a0000 - 0x00007ffc5d6ac000 	C:\WINDOWS\SYSTEM32\CRYPTBASE.dll
0x00007ffc01e50000 - 0x00007ffc01e5e000 	C:\Program Files\Java\jdk-21\bin\sunmscapi.dll
0x00007ffc5e780000 - 0x00007ffc5e8e8000 	C:\WINDOWS\System32\CRYPT32.dll
0x00007ffc5d870000 - 0x00007ffc5d89e000 	C:\WINDOWS\SYSTEM32\ncrypt.dll
0x00007ffc5d830000 - 0x00007ffc5d867000 	C:\WINDOWS\SYSTEM32\NTASN1.dll
0x00007ffc58f70000 - 0x00007ffc58f78000 	C:\WINDOWS\system32\wshunix.dll

dbghelp: loaded successfully - version: 4.0.5 - missing functions: none
symbol engine: initialized successfully - sym options: 0x614 - pdb path: .;C:\Program Files\Java\jdk-21\bin;C:\WINDOWS\SYSTEM32;C:\WINDOWS\WinSxS\amd64_microsoft.windows.common-controls_6595b64144ccf1df_6.0.22621.6060_none_2712eda17382d24b;C:\Program Files\Java\jdk-21\bin\server;D:\Android\Gradle_Home\native\660c5614fbf4a5f2a75b1949f50a0caf5cd603558e7d8a26e50b933a0cfb79d1\windows-amd64;D:\Android\Gradle_Home\native\0.2.8\x86_64-windows-gnu

VM Arguments:
jvm_args: --add-opens=java.base/java.lang=ALL-UNNAMED --add-opens=java.base/java.lang.invoke=ALL-UNNAMED --add-opens=java.base/java.util=ALL-UNNAMED --add-opens=java.prefs/java.util.prefs=ALL-UNNAMED --add-exports=jdk.compiler/com.sun.tools.javac.api=ALL-UNNAMED --add-exports=jdk.compiler/com.sun.tools.javac.util=ALL-UNNAMED --add-opens=java.base/java.util=ALL-UNNAMED --add-opens=java.prefs/java.util.prefs=ALL-UNNAMED --add-opens=java.base/java.nio.charset=ALL-UNNAMED --add-opens=java.base/java.net=ALL-UNNAMED --add-opens=java.base/java.util.concurrent=ALL-UNNAMED --add-opens=java.base/java.util.concurrent.atomic=ALL-UNNAMED --add-opens=java.xml/javax.xml.namespace=ALL-UNNAMED --add-opens=java.base/java.time=ALL-UNNAMED -Xmx2048m -Dfile.encoding=UTF-8 -Duser.country=US -Duser.language=en -Duser.variant -javaagent:D:\Android\Gradle_Home\wrapper\dists\gradle-9.3.1-bin\23ovyewtku6u96viwx3xl3oks\gradle-9.3.1\lib\agents\gradle-instrumentation-agent-9.3.1.jar 
java_command: org.gradle.launcher.daemon.bootstrap.GradleDaemon 9.3.1
java_class_path (initial): D:\Android\Gradle_Home\wrapper\dists\gradle-9.3.1-bin\23ovyewtku6u96viwx3xl3oks\gradle-9.3.1\lib\gradle-daemon-main-9.3.1.jar
Launcher Type: SUN_STANDARD

[Global flags]
     intx CICompilerCount                          = 4                                         {product} {ergonomic}
     uint ConcGCThreads                            = 2                                         {product} {ergonomic}
     uint G1ConcRefinementThreads                  = 8                                         {product} {ergonomic}
   size_t G1HeapRegionSize                         = 1048576                                   {product} {ergonomic}
    uintx GCDrainStackTargetSize                   = 64                                        {product} {ergonomic}
   size_t InitialHeapSize                          = 62914560                                  {product} {ergonomic}
   size_t MarkStackSize                            = 4194304                                   {product} {ergonomic}
   size_t MaxHeapSize                              = 2147483648                                {product} {command line}
   size_t MaxNewSize                               = 1287651328                                {product} {ergonomic}
   size_t MinHeapDeltaBytes                        = 1048576                                   {product} {ergonomic}
   size_t MinHeapSize                              = 8388608                                   {product} {ergonomic}
    uintx NonNMethodCodeHeapSize                   = 5839372                                {pd product} {ergonomic}
    uintx NonProfiledCodeHeapSize                  = 122909434                              {pd product} {ergonomic}
    uintx ProfiledCodeHeapSize                     = 122909434                              {pd product} {ergonomic}
    uintx ReservedCodeCacheSize                    = 251658240                              {pd product} {ergonomic}
     bool SegmentedCodeCache                       = true                                      {product} {ergonomic}
   size_t SoftMaxHeapSize                          = 2147483648                             {manageable} {ergonomic}
     bool UseCompressedOops                        = true                           {product lp64_product} {ergonomic}
     bool UseG1GC                                  = true                                      {product} {ergonomic}
     bool UseLargePagesIndividualAllocation        = false                                  {pd product} {ergonomic}

Logging:
Log output configuration:
 #0: stdout all=warning uptime,level,tags foldmultilines=false
 #1: stderr all=off uptime,level,tags foldmultilines=false

Environment Variables:
PATH=C:\Program Files\Common Files\Oracle\Java\javapath;C:\WINDOWS\system32;C:\WINDOWS;C:\WINDOWS\System32\Wbem;C:\WINDOWS\System32\WindowsPowerShell\v1.0\;C:\WINDOWS\System32\OpenSSH\;C:\Program Files\nodejs\;C:\Program Files\Git\cmd;C:\Program Files (x86)\Microsoft SQL Server\160\Tools\Binn\;C:\Program Files\Microsoft SQL Server\160\Tools\Binn\;C:\Program Files\Microsoft SQL Server\Client SDK\ODBC\170\Tools\Binn\;C:\Program Files\Microsoft SQL Server\160\DTS\Binn\;C:\Program Files (x86)\Microsoft SQL Server\160\DTS\Binn\;C:\Program Files\dotnet\;C:\Program Files\Microsoft SQL Server\150\Tools\Binn\;C:\msys64\ucrt64\bin;C:\Program Files\Cloudflare\Cloudflare WARP\;D:\Graphviz\bin;C:\Users\HP\AppData\Local\Microsoft\WindowsApps;C:\ProgramData\HP\GitHubDesktop\bin;C:\Users\HP\AppData\Local\Programs\Microsoft VS Code\bin;C:\Users\HP\AppData\Roaming\npm;C:\Users\HP\.dotnet\tools;C:\msys64\ucrt64\bin;D:\IntelliJ IDEA 2025.3.2\bin;C:\Users\HP\AppData\Local\GitHubDesktop\bin
USERNAME=HP
OS=Windows_NT
PROCESSOR_IDENTIFIER=Intel64 Family 6 Model 140 Stepping 1, GenuineIntel
TMP=C:\Users\HP\AppData\Local\Temp
TEMP=C:\Users\HP\AppData\Local\Temp




Periodic native trim disabled

---------------  S Y S T E M  ---------------

OS:
 Windows 11 , 64 bit Build 22621 (10.0.22621.5415)
OS uptime: 4 days 1:23 hours
Hyper-V role detected

CPU: total 8 (initial active 8) (4 cores per cpu, 2 threads per core) family 6 model 140 stepping 1 microcode 0xb8, cx8, cmov, fxsr, ht, mmx, 3dnowpref, sse, sse2, sse3, ssse3, sse4.1, sse4.2, popcnt, lzcnt, tsc, tscinvbit, avx, avx2, aes, erms, clmul, bmi1, bmi2, adx, avx512f, avx512dq, avx512cd, avx512bw, avx512vl, sha, fma, vzeroupper, avx512_vpopcntdq, avx512_vpclmulqdq, avx512_vaes, avx512_vnni, clflush, clflushopt, clwb, avx512_vbmi2, avx512_vbmi, hv, rdtscp, rdpid, fsrm, gfni, avx512_bitalg, f16c, cet_ibt, cet_ss, avx512_ifma
Processor Information for all 8 processors :
  Max Mhz: 2419, Current Mhz: 2419, Mhz Limit: 2419

Memory: 4k page, system-wide physical 3763M (183M free)
TotalPageFile size 15539M (AvailPageFile size 3M)
current process WorkingSet (physical memory assigned to process): 267M, peak: 270M
current process commit charge ("private bytes"): 365M, peak: 366M

vm_info: Java HotSpot(TM) 64-Bit Server VM (21.0.9+7-LTS-338) for windows-amd64 JRE (21.0.9+7-LTS-338), built on 2025-09-26T06:33:49Z by "mach5run" with MS VC++ 17.6 (VS2022)

END.
